13:26:28 [vite] (client) [console.error] A tree hydrated but some attributes of the server rendered HTML didn't match the client properties. This won't be patched up. This can happen if a SSR-ed Client Component used:

- A server/client branch `if (typeof window !== 'undefined')`.
- Variable input such as `Date.now()` or `Math.random()` which changes each time it's called.
- Date formatting in a user's locale which doesn't match the server.
- External changing data without sending a snapshot of it along with the HTML.
- Invalid HTML tag nesting.

It can also happen if the client has a browser extension installed which messes with the HTML before React loaded.

https://react.dev/link/hydration-mismatch

  ...
    <meta>
    <title>
    <meta>
    <link>
    <link>
    <meta>
    <GlobalErrorBoundary fallback={function DefaultGlobalError}>
      <ErrorBoundaryInner pathname="/" fallback={function DefaultGlobalError} isImplicitRootErrorBoundary={true}>
        <ErrorBoundary fallback={function DefaultGlobalError}>
          <ErrorBoundaryInner pathname="/" resetKey={undefined} fallback={function DefaultGlobalError}>
            <LayoutSegmentProvider providerId="layout:/" segmentMap={{children:[...]}}>
              <Slot id="layout:/">
                <BfcacheSlotBoundary id="layout:/" content={<Context>}>
                  <default>
                    <link>
                    <RemoveDuplicateServerCss>
                    <default>
                      <RootLayout>
                        <html
+                         lang="en"
-                         lang="zh-CN"
-                         className="translated-ltr"
                        >

